============================================
  PINN Full Pipeline
  Job ID:      848832
  Node:        gnode15
  GPUs:        8
  Results:     results/pipeline_20260311_090113_job848832
  Start:       2026年 03月 11日 星期三 09:01:13 CST
============================================

[Step 1/4] Running Palantir for pseudotime + fate probabilities...
============================================
Reading data/mouse_brain.h5ad ...
  4,628 cells x 117 genes
  After filtering: 4,628 cells x 117 genes
  117 HVGs selected for Palantir
  PCA: 30 components
Computing diffusion maps ...
  Diffusion maps: 10 components
  Multi-scale space: (4628, 3)
Auto-detected root cell: 2554 (DC1 = -0.0059)
Running Palantir (pseudotime + fate probabilities) ...
Sampling and flocking waypoints...
Time for determining waypoints: 0.00014202197392781574 minutes
Determining pseudotime...
Shortest path distances using 30-nearest neighbor graph...
Time for shortest paths: 0.04697110255559286 minutes
Iteratively refining the pseudotime...
Correlation at iteration 1: 1.0000
Entropy and branch probabilities...
Markov chain construction...
Identification of terminal states...
Computing fundamental matrix and absorption probabilities...
Project results to all cells...
  Pseudotime range: [0.000, 1.000]
  Terminal states (3): ['2285', '3739', '5277']

Saving augmented AnnData to data/processed/palantir_adata.h5ad ...
  Done. 4,628 cells, 3 terminal fates.

--- Palantir Summary ---
  Root cell:        2554
  Terminal states:  ['2285', '3739', '5277']
  Pseudotime mean:  0.538
  Entropy mean:     0.336
  Fate prob shape:  (4628, 3)
Palantir complete at 2026年 03月 11日 星期三 09:01:25 CST

[Step 2/4] Building training-ready h5ad...
============================================
Loading base h5ad: data/mouse_brain.h5ad
  Base: 4,628 cells x 117 genes
  Layers: ['Ms', 'Mu', 'spliced', 'unspliced', 'variance_velocity', 'velocity']
  Renaming obsm['X_xy_loc'] -> obsm['spatial']
  Spatial coords: (4628, 2) (from 'X_xy_loc')

Merging Palantir results from: data/processed/palantir_adata.h5ad
  Common cells: 4,628 / 4,628
  Palantir merged: pseudotime + 3 fate probabilities

  Gene filtering: 117 -> 117 expressed genes
  Wrote 117 genes to data/processed/expressed_genes.csv

Saving training-ready h5ad to data/processed/spatial_adata.h5ad

--- Training Data Summary ---
  Cells:          4,628
  Genes:          117
  Spatial dim:    2
  Layers:         ['Ms', 'Mu', 'spliced', 'unspliced', 'variance_velocity', 'velocity']
  Pseudotime:     [0.000, 1.000] (mean=0.538)
  Fate probs:     (4628, 3)
  Output:         data/processed/spatial_adata.h5ad
Spatial data built at 2026年 03月 11日 星期三 09:01:27 CST

[Step 3/4] Saving config snapshot...

[Step 4/4] Starting PINN training...
============================================
Training on: cuda
Loading frozen GRN matrix...
Loading TF-TG database from src/data/frozen_databases/TFTGDB.csv...
FAILED at 2026年 03月 11日 星期三 09:02:11 CST
