[bam_sort_core] merging from 0 files and 48 in-memory blocks...
[bam_sort_core] merging from 2 files and 32 in-memory blocks...
Traceback (most recent call last):
  File "/home/qukungroup/odorn/miniconda3/envs/velocyto/lib/python3.9/site-packages/velocyto/commands/_run.py", line 286, in _run
    ds = loompy.create(filename=outfile, matrix=total, row_attrs=ra, col_attrs=ca, dtype="float32")
TypeError: create() got an unexpected keyword argument 'matrix'

During handling of the above exception, another exception occurred:

Traceback (most recent call last):
  File "/home/qukungroup/odorn/miniconda3/envs/velocyto/bin/velocyto", line 11, in <module>
    sys.exit(cli())
  File "/home/qukungroup/odorn/miniconda3/envs/velocyto/lib/python3.9/site-packages/click/core.py", line 1161, in __call__
    return self.main(*args, **kwargs)
  File "/home/qukungroup/odorn/miniconda3/envs/velocyto/lib/python3.9/site-packages/click/core.py", line 1082, in main
    rv = self.invoke(ctx)
  File "/home/qukungroup/odorn/miniconda3/envs/velocyto/lib/python3.9/site-packages/click/core.py", line 1697, in invoke
    return _process_result(sub_ctx.command.invoke(sub_ctx))
  File "/home/qukungroup/odorn/miniconda3/envs/velocyto/lib/python3.9/site-packages/click/core.py", line 1443, in invoke
    return ctx.invoke(self.callback, **ctx.params)
  File "/home/qukungroup/odorn/miniconda3/envs/velocyto/lib/python3.9/site-packages/click/core.py", line 788, in invoke
    return __callback(*args, **kwargs)
  File "/home/qukungroup/odorn/miniconda3/envs/velocyto/lib/python3.9/site-packages/velocyto/commands/run.py", line 113, in run
    return _run(bamfile=bamfile, gtffile=gtffile, bcfile=bcfile, outputfolder=outputfolder,
  File "/home/qukungroup/odorn/miniconda3/envs/velocyto/lib/python3.9/site-packages/velocyto/commands/_run.py", line 297, in _run
    loompy.create(filename=outfile, layers=tmp_layers, row_attrs=ra, col_attrs=ca, file_attrs={"velocyto.__version__": vcy.__version__, "velocyto.logic": logic})
  File "/home/qukungroup/odorn/miniconda3/envs/velocyto/lib/python3.9/site-packages/loompy/loompy.py", line 977, in create
    raise ValueError("Main matrix cannot be empty")
ValueError: Main matrix cannot be empty
