Traceback (most recent call last):
  File "/home/qukungroup/odorn/miniconda3/envs/velocyto/bin/velocyto", line 11, in <module>
    sys.exit(cli())
  File "/home/qukungroup/odorn/miniconda3/envs/velocyto/lib/python3.9/site-packages/click/core.py", line 1161, in __call__
    return self.main(*args, **kwargs)
  File "/home/qukungroup/odorn/miniconda3/envs/velocyto/lib/python3.9/site-packages/click/core.py", line 1082, in main
    rv = self.invoke(ctx)
  File "/home/qukungroup/odorn/miniconda3/envs/velocyto/lib/python3.9/site-packages/click/core.py", line 1697, in invoke
    return _process_result(sub_ctx.command.invoke(sub_ctx))
  File "/home/qukungroup/odorn/miniconda3/envs/velocyto/lib/python3.9/site-packages/click/core.py", line 1443, in invoke
    return ctx.invoke(self.callback, **ctx.params)
  File "/home/qukungroup/odorn/miniconda3/envs/velocyto/lib/python3.9/site-packages/click/core.py", line 788, in invoke
    return __callback(*args, **kwargs)
  File "/home/qukungroup/odorn/miniconda3/envs/velocyto/lib/python3.9/site-packages/velocyto/commands/run.py", line 113, in run
    return _run(bamfile=bamfile, gtffile=gtffile, bcfile=bcfile, outputfolder=outputfolder,
  File "/home/qukungroup/odorn/miniconda3/envs/velocyto/lib/python3.9/site-packages/velocyto/commands/_run.py", line 159, in _run
    exincounter.peek(bamfile[0])
  File "/home/qukungroup/odorn/miniconda3/envs/velocyto/lib/python3.9/site-packages/velocyto/counter.py", line 158, in peek
    raise IOError("The bam file does not contain cell and umi barcodes appropriatelly formatted. If you are runnin UMI-less data you should use the -U flag.")
OSError: The bam file does not contain cell and umi barcodes appropriatelly formatted. If you are runnin UMI-less data you should use the -U flag.
